Microchip MPLAB XC8 Compiler V2.46

Linker command line:

-W-3 --edf=/Applications/microchip/xc8/v2.46/pic/dat/20240104201356_en.msgs \
  -cn -h+dist/default/production/8755prg.X.production.sym \
  --cmf=dist/default/production/8755prg.X.production.cmf -z -Q18F4520 \
  -o/tmp/xcoV0mpXI/driver_tmp_3.o --defsym=__MPLAB_BUILD=1 \
  --fixupoverflow=error -Mdist/default/production/8755prg.X.production.map \
  --md=/tmp/xcoV0mpXI/driver_tmp_0.dat -E1 -ver=XC8 Compiler --acfsm=1493 \
  -ACODE=00h-07FFFh -ACONST=00h-07FFFh -ASMALLCONST=0600h-06FFhx122 \
  -AMEDIUMCONST=0600h-07FFFh -ACOMRAM=01h-07Fh -AABS1=00h-05FFh \
  -ABIGRAM=01h-05FFh -ARAM=080h-0FFh,0100h-01FFhx5 -ABANK0=080h-0FFh \
  -ABANK1=0100h-01FFh -ABANK2=0200h-02FFh -ABANK3=0300h-03FFh \
  -ABANK4=0400h-04FFh -ABANK5=0500h-05FFh -ASFR=0F80h-0FFFh \
  -ABIGSFR=0F80h-0FFFh -ACONFIG=0300000h-030000Dh -AIDLOC=0200000h-0200007h \
  -AEEDATA=0F00000h-0F000FFh -peeprom_data=EEDATA \
  -preset_vec=00h,intcode=8h,intcodelo,powerup,init -pramtop=0600h \
  -psmallconst=SMALLCONST -pmediumconst=MEDIUMCONST -pconst=CONST \
  -AFARRAM=00h-00h \
  -prdata=COMRAM,nvrram=COMRAM,nvbit=COMRAM,rbss=COMRAM,rbit=COMRAM \
  -pfarbss=FARRAM,fardata=FARRAM,nvFARRAM=FARRAM \
  -pintsave_regs=BIGRAM,bigbss=BIGRAM,bigdata=BIGRAM -pbss=RAM \
  -pidata=CODE,irdata=CODE,ibigdata=CODE,ifardata=CODE -prparam=COMRAM \
  /tmp/xcoV0mpXI/driver_tmp_14.o \
  dist/default/production/8755prg.X.production.o 

Object code version is 3.11

Machine type is 18F4520



                Name                               Link     Load   Length Selector   Space Scale
/tmp/xcoV0mpXI/driver_tmp_14.o
                config                           300000   300000        E        0       4
                init                                  E        E        4        4       0
                reset_vec                             0        0        4        0       0
dist/default/production/8755prg.X.production.o
                intcode                               8        8        6        4       0
                config                           300000   300000        E        0       4
                temp                                 71       71        1        1       1
                smallconst                          600      600       C4      300       0
                text35                             1686     1686       10      362       0
                text34                             15D8     15D8       30      362       0
                text33                             1208     1208       6A      362       0
                text32                             1696     1696        E      362       0
                text31                             1362     1362       4E      362       0
                text30                             12C4     12C4       50      362       0
                intcode_body                       10B0     10B0       82      362       0
                text28                             1516     1516       32      362       0
                text27                             1132     1132       6C      362       0
                text26                             1660     1660       26      362       0
                text25                              E50      E50       A6      362       0
                text24                             16A6     16A6        2      362       0
                text23                              DA6      DA6       AA      362       0
                text22                             1436     1436       3C      362       0
                text21                             1026     1026       8A      362       0
                text20                              946      946       FA      362       0
                text19                              6C4      6C4      15C      362       0
                text18                             13F8     13F8       3E      362       0
                text17                             14E2     14E2       34      362       0
                text16                              F9A      F9A       8C      362       0
                text15                              B2A      B2A       E6      362       0
                text14                             15A8     15A8       30      362       0
                text13                              C10      C10       D8      362       0
                text12                             14AA     14AA       38      362       0
                text11                             1578     1578       30      362       0
                text10                             1608     1608       2E      362       0
                text9                              1314     1314       4E      362       0
                text8                              13B0     13B0       48      362       0
                text7                               A40      A40       EA      362       0
                text6                              1472     1472       38      362       0
                text5                              1548     1548       30      362       0
                text4                              1636     1636       2A      362       0
                text3                               EF6      EF6       A4      362       0
                text2                              119E     119E       6A      362       0
                text1                               820      820      126      362       0
                text0                               CE8      CE8       BE      362       0
                cstackCOMRAM                          1        1       64        1       1
                cstackBANK0                          80       80       38       80       1
                bssBIGRAM                            DA       DA      400       DA       1
                bssBANK0                             B8       B8       22       80       1
                dataCOMRAM                           6F       6F        2        1       1
                bssCOMRAM                            65       65        A        1       1
                cinit                              1272     1272       52      362       0
                idataCOMRAM                        16A4     16A4        2      362       0

TOTAL           Name                               Link     Load   Length     Space
        CLASS   CODE           
                intcode                               8        8        6         0
                init                                  E        E        4         0
                reset_vec                             0        0        4         0
                text35                             1686     1686       10         0
                text34                             15D8     15D8       30         0
                text33                             1208     1208       6A         0
                text32                             1696     1696        E         0
                text31                             1362     1362       4E         0
                text30                             12C4     12C4       50         0
                intcode_body                       10B0     10B0       82         0
                text28                             1516     1516       32         0
                text27                             1132     1132       6C         0
                text26                             1660     1660       26         0
                text25                              E50      E50       A6         0
                text24                             16A6     16A6        2         0
                text23                              DA6      DA6       AA         0
                text22                             1436     1436       3C         0
                text21                             1026     1026       8A         0
                text20                              946      946       FA         0
                text19                              6C4      6C4      15C         0
                text18                             13F8     13F8       3E         0
                text17                             14E2     14E2       34         0
                text16                              F9A      F9A       8C         0
                text15                              B2A      B2A       E6         0
                text14                             15A8     15A8       30         0
                text13                              C10      C10       D8         0
                text12                             14AA     14AA       38         0
                text11                             1578     1578       30         0
                text10                             1608     1608       2E         0
                text9                              1314     1314       4E         0
                text8                              13B0     13B0       48         0
                text7                               A40      A40       EA         0
                text6                              1472     1472       38         0
                text5                              1548     1548       30         0
                text4                              1636     1636       2A         0
                text3                               EF6      EF6       A4         0
                text2                              119E     119E       6A         0
                text1                               820      820      126         0
                text0                               CE8      CE8       BE         0
                cinit                              1272     1272       52         0
                idataCOMRAM                        16A4     16A4        2         0

        CLASS   CONST          

        CLASS   SMALLCONST     
                smallconst                          600      600       C4         0

        CLASS   MEDIUMCONST    

        CLASS   COMRAM         
                temp                                 71       71        1         1
                cstackCOMRAM                          1        1       64         1
                dataCOMRAM                           6F       6F        2         1
                bssCOMRAM                            65       65        A         1

        CLASS   ABS1           

        CLASS   BIGRAM         
                bssBIGRAM                            DA       DA      400         1

        CLASS   RAM            

        CLASS   BANK0          
                cstackBANK0                          80       80       38         1
                bssBANK0                             B8       B8       22         1

        CLASS   BANK1          

        CLASS   BANK2          

        CLASS   BANK3          

        CLASS   BANK4          

        CLASS   BANK5          

        CLASS   SFR            

        CLASS   BIGSFR         

        CLASS   CONFIG         
                config                           300000   300000        E         4

        CLASS   IDLOC          

        CLASS   EEDATA         

        CLASS   FARRAM         

        CLASS   HEAP           

        CLASS   STACK          



SEGMENTS        Name                           Load    Length   Top    Selector   Space  Class

                cstackCOMRAM                   000001  000071  000072         1       1  COMRAM  
                reset_vec                      000000  000004  000004         0       0  CODE    
                text19                         0006C4  000FE4  0016A8       362       0  CODE    
                cstackBANK0                    000080  00005A  0000DA        80       1  BANK0   
                bssBIGRAM                      0000DA  000400  0004DA        DA       1  BIGRAM  
                intcode                        000008  00000A  000012         4       0  CODE    
                smallconst                     000600  0000C4  0006C4       300       0  SMALLCON


UNUSED ADDRESS RANGES

        Name                Unused          Largest block    Delta
        BANK4            0004DA-0004FF               26
        BANK5            000500-0005FF              100
        BIGRAM           000072-00007F                E
                         0004DA-0005FF              126
        BIGSFR           000F80-000FFF               80
        CODE             000004-000007                4
                         000012-0005FF              5EE
                         0016A8-007FFF             6958
        COMRAM           000072-00007F                E
        CONST            000004-000007                4
                         000012-0005FF              5EE
                         0016A8-007FFF             6958
        EEDATA           F00000-F000FF              100
        IDLOC            200000-200007                8
        MEDIUMCONST      0016A8-007FFF             6958
        RAM              0004DA-0005FF               26
        SFR              000F80-000FFF               80
        SMALLCONST       0016A8-007FFF              100

                                  Symbol Table

?___lldiv                   cstackCOMRAM 000019
?___lmul                    cstackCOMRAM 00000D
?___wmul                    cstackCOMRAM 00000D
?_addone                    cstackCOMRAM 00000D
?_read_prec_or_width        cstackCOMRAM 000013
?_size                      cstackCOMRAM 000003
?_sprintf                   cstackCOMRAM 00003A
?_vfprintf                  cstackCOMRAM 000036
?i2_addone                  cstackCOMRAM 000001
_ADCON0bits                 (abs)        000FC2
_ADCON1                     (abs)        000FC1
_BAUDCONbits                (abs)        000FB8
_INTCONbits                 (abs)        000FF2
_IPR1bits                   (abs)        000F9F
_PIE1bits                   (abs)        000F9D
_PIR1bits                   (abs)        000F9E
_PORTAbits                  (abs)        000F80
_PORTBbits                  (abs)        000F81
_PORTCbits                  (abs)        000F82
_PORTD                      (abs)        000F83
_PORTEbits                  (abs)        000F84
_RCONbits                   (abs)        000FD0
_RCREG                      (abs)        000FAE
_RCSTAbits                  (abs)        000FAB
_SPBRG                      (abs)        000FAF
_SPBRGH                     (abs)        000FB0
_TRISAbits                  (abs)        000F92
_TRISB                      (abs)        000F93
_TRISC                      (abs)        000F94
_TRISCbits                  (abs)        000F94
_TRISD                      (abs)        000F95
_TRISEbits                  (abs)        000F96
_TXREG                      (abs)        000FAD
_TXSTAbits                  (abs)        000FAC
__HRAM                      (abs)        000000
__H__absolute__             __absolute__ 000000
__Habs1                     abs1         000000
__Hbank0                    bank0        000000
__Hbank1                    bank1        000000
__Hbank2                    bank2        000000
__Hbank3                    bank3        000000
__Hbank4                    bank4        000000
__Hbank5                    bank5        000000
__Hbigbss                   bigbss       000000
__Hbigdata                  bigdata      000000
__Hbigram                   bigram       000000
__Hbigsfr                   bigsfr       000000
__Hbss                      bss          000000
__HbssBANK0                 bssBANK0     000000
__HbssBIGRAM                bssBIGRAM    000000
__HbssCOMRAM                bssCOMRAM    000000
__Hcinit                    cinit        000000
__Hclrtext                  clrtext      000000
__Hcomram                   comram       000000
__Hconfig                   config       30000E
__Hconst                    const        000000
__HcstackBANK0              cstackBANK0  000000
__HcstackCOMRAM             cstackCOMRAM 000000
__Hdata                     data         000000
__HdataCOMRAM               dataCOMRAM   000000
__Heeprom_data              eeprom_data  000000
__Hfarbss                   farbss       000000
__Hfardata                  fardata      000000
__Hheap                     heap         000000
__Hibigdata                 ibigdata     000000
__Hidata                    idata        000000
__HidataCOMRAM              idataCOMRAM  000000
__Hidloc                    idloc        000000
__Hifardata                 ifardata     000000
__Hinit                     init         000012
__Hintcode                  intcode      00000E
__Hintcode_body             intcode_body 000000
__Hintcodelo                intcodelo    00000E
__Hintentry                 intentry     000000
__Hintret                   intret       000000
__Hintsave_regs             intsave_regs 000000
__Hirdata                   irdata       000000
__Hmediumconst              mediumconst  000000
__HnvFARRAM                 nvFARRAM     000000
__Hnvbit                    nvbit        000000
__Hnvrram                   nvrram       000000
__Hparam                    rparam       000000
__Hpowerup                  powerup      00000E
__Hram                      ram          000000
__Hramtop                   ramtop       000600
__Hrbit                     rbit         000000
__Hrbss                     rbss         000000
__Hrdata                    rdata        000000
__Hreset_vec                reset_vec    000004
__Hrparam                   rparam       000000
__Hsfr                      sfr          000000
__Hsivt_hi                  sivt_hi      000000
__Hsivt_lo                  sivt_lo      000000
__Hsmallconst               smallconst   0006C4
__Hspace_0                  (abs)        0016A8
__Hspace_1                  (abs)        0004DA
__Hspace_2                  (abs)        000000
__Hspace_4                  (abs)        60000E
__Hstack                    stack        000000
__Hstruct                   struct       000000
__Htemp                     temp         000072
__Htext                     text         000000
__Htext0                    text0        000000
__Htext1                    text1        000000
__Htext10                   text10       000000
__Htext11                   text11       000000
__Htext12                   text12       000000
__Htext13                   text13       000000
__Htext14                   text14       000000
__Htext15                   text15       000000
__Htext16                   text16       000000
__Htext17                   text17       000000
__Htext18                   text18       000000
__Htext19                   text19       000000
__Htext2                    text2        000000
__Htext20                   text20       000000
__Htext21                   text21       000000
__Htext22                   text22       000000
__Htext23                   text23       000000
__Htext24                   text24       000000
__Htext25                   text25       000000
__Htext26                   text26       000000
__Htext27                   text27       000000
__Htext28                   text28       000000
__Htext3                    text3        000000
__Htext30                   text30       000000
__Htext31                   text31       000000
__Htext32                   text32       000000
__Htext33                   text33       000000
__Htext34                   text34       000000
__Htext35                   text35       000000
__Htext4                    text4        000000
__Htext5                    text5        000000
__Htext6                    text6        000000
__Htext7                    text7        000000
__Htext8                    text8        000000
__Htext9                    text9        000000
__LRAM                      (abs)        000001
__L__absolute__             __absolute__ 000000
__Labs1                     abs1         000000
__Lbank0                    bank0        000000
__Lbank1                    bank1        000000
__Lbank2                    bank2        000000
__Lbank3                    bank3        000000
__Lbank4                    bank4        000000
__Lbank5                    bank5        000000
__Lbigbss                   bigbss       000000
__Lbigdata                  bigdata      000000
__Lbigram                   bigram       000000
__Lbigsfr                   bigsfr       000000
__Lbss                      bss          000000
__LbssBANK0                 bssBANK0     000000
__LbssBIGRAM                bssBIGRAM    000000
__LbssCOMRAM                bssCOMRAM    000000
__Lcinit                    cinit        000000
__Lclrtext                  clrtext      000000
__Lcomram                   comram       000000
__Lconfig                   config       000000
__Lconst                    const        000000
__LcstackBANK0              cstackBANK0  000000
__LcstackCOMRAM             cstackCOMRAM 000000
__Ldata                     data         000000
__LdataCOMRAM               dataCOMRAM   000000
__Leeprom_data              eeprom_data  000000
__Lfarbss                   farbss       000000
__Lfardata                  fardata      000000
__Lheap                     heap         000000
__Libigdata                 ibigdata     000000
__Lidata                    idata        000000
__LidataCOMRAM              idataCOMRAM  000000
__Lidloc                    idloc        000000
__Lifardata                 ifardata     000000
__Linit                     init         00000E
__Lintcode                  intcode      000008
__Lintcode_body             intcode_body 000000
__Lintcodelo                intcodelo    00000E
__Lintentry                 intentry     000000
__Lintret                   intret       000000
__Lintsave_regs             intsave_regs 000000
__Lirdata                   irdata       000000
__Lmediumconst              mediumconst  000000
__LnvFARRAM                 nvFARRAM     000000
__Lnvbit                    nvbit        000000
__Lnvrram                   nvrram       000000
__Lparam                    rparam       000000
__Lpowerup                  powerup      00000E
__Lram                      ram          000000
__Lramtop                   ramtop       000600
__Lrbit                     rbit         000000
__Lrbss                     rbss         000000
__Lrdata                    rdata        000000
__Lreset_vec                reset_vec    000000
__Lrparam                   rparam       000000
__Lsfr                      sfr          000000
__Lsivt_hi                  sivt_hi      000000
__Lsivt_lo                  sivt_lo      000000
__Lsmallconst               smallconst   000600
__Lspace_0                  (abs)        000000
__Lspace_1                  (abs)        000000
__Lspace_2                  (abs)        000000
__Lspace_4                  (abs)        000000
__Lstack                    stack        000000
__Lstruct                   struct       000000
__Ltemp                     temp         000071
__Ltext                     text         000000
__Ltext0                    text0        000000
__Ltext1                    text1        000000
__Ltext10                   text10       000000
__Ltext11                   text11       000000
__Ltext12                   text12       000000
__Ltext13                   text13       000000
__Ltext14                   text14       000000
__Ltext15                   text15       000000
__Ltext16                   text16       000000
__Ltext17                   text17       000000
__Ltext18                   text18       000000
__Ltext19                   text19       000000
__Ltext2                    text2        000000
__Ltext20                   text20       000000
__Ltext21                   text21       000000
__Ltext22                   text22       000000
__Ltext23                   text23       000000
__Ltext24                   text24       000000
__Ltext25                   text25       000000
__Ltext26                   text26       000000
__Ltext27                   text27       000000
__Ltext28                   text28       000000
__Ltext3                    text3        000000
__Ltext30                   text30       000000
__Ltext31                   text31       000000
__Ltext32                   text32       000000
__Ltext33                   text33       000000
__Ltext34                   text34       000000
__Ltext35                   text35       000000
__Ltext4                    text4        000000
__Ltext5                    text5        000000
__Ltext6                    text6        000000
__Ltext7                    text7        000000
__Ltext8                    text8        000000
__Ltext9                    text9        000000
__S0                        (abs)        0016A8
__S1                        (abs)        0004DA
__S4                        (abs)        000000
__S5                        (abs)        000000
___heap_hi                  (abs)        000000
___heap_lo                  (abs)        000000
___inthi_sp                 stack        000000
___inthi_stack_hi           stack        000000
___inthi_stack_lo           stack        000000
___intlo_sp                 stack        000000
___intlo_stack_hi           stack        000000
___intlo_stack_lo           stack        000000
___lldiv                    text3        000EF6
___lldiv@counter            cstackCOMRAM 000025
___lldiv@dividend           cstackCOMRAM 000019
___lldiv@divisor            cstackCOMRAM 00001D
___lldiv@quotient           cstackCOMRAM 000021
___lmul                     text2        00119E
___lmul@multiplicand        cstackCOMRAM 000011
___lmul@multiplier          cstackCOMRAM 00000D
___lmul@product             cstackCOMRAM 000015
___param_bank               (abs)        000000
___rparam_used              (abs)        000001
___sp                       stack        000000
___stack_hi                 stack        000000
___stack_lo                 stack        000000
___wmul                     text26       001660
___wmul@multiplicand        cstackCOMRAM 00000F
___wmul@multiplier          cstackCOMRAM 00000D
___wmul@product             cstackCOMRAM 000011
__accesstop                 (abs)        000080
__activetblptr              (abs)        000002
__end_of___lldiv            text3        000F9A
__end_of___lmul             text2        001208
__end_of___wmul             text26       001686
__end_of__initialization    cinit        0012B6
__end_of_addone             text11       0015A8
__end_of_charToHexDigit     text12       0014E2
__end_of_do_blank           text15       000C10
__end_of_do_read            text13       000CE8
__end_of_do_write           text7        000B2A
__end_of_empty              text10       001636
__end_of_first              text35       001696
__end_of_fputc              text23       000E50
__end_of_fputs              text22       001472
__end_of_high_isr           intcode_body 001132
__end_of_main               text0        000DA6
__end_of_makenull           text5        001578
__end_of_memset             text6        0014AA
__end_of_pad                text21       0010B0
__end_of_pop                text9        001362
__end_of_ports_init         text4        001660
__end_of_push               text33       001272
__end_of_putch              text24       0016A8
__end_of_read_port          text28       001548
__end_of_read_prec_or_width text25       000EF6
__end_of_setCTS             text32       0016A4
__end_of_setup_address      text27       00119E
__end_of_size               text31       0013B0
__end_of_sprintf            text17       001516
__end_of_uart_getc          text30       001314
__end_of_uart_init          text1        000946
__end_of_uart_putc          text14       0015D8
__end_of_uart_puts          text16       001026
__end_of_vfpfcnvrt          text19       000820
__end_of_vfprintf           text18       001436
__end_of_write_port         text8        0013F8
__end_of_xtoa               text20       000A40
__end_ofi2_addone           text34       001608
__initialization            cinit        001272
__mediumconst               mediumconst  000000
__pbssBANK0                 bssBANK0     0000B8
__pbssBIGRAM                bssBIGRAM    0000DA
__pbssCOMRAM                bssCOMRAM    000065
__pcinit                    cinit        001272
__pcstackBANK0              cstackBANK0  000080
__pcstackCOMRAM             cstackCOMRAM 000001
__pdataCOMRAM               dataCOMRAM   00006F
__pidataCOMRAM              idataCOMRAM  0016A4
__pintcode                  intcode      000008
__pintcode_body             intcode_body 0010B0
__psmallconst               smallconst   000600
__ptext0                    text0        000CE8
__ptext1                    text1        000820
__ptext10                   text10       001608
__ptext11                   text11       001578
__ptext12                   text12       0014AA
__ptext13                   text13       000C10
__ptext14                   text14       0015A8
__ptext15                   text15       000B2A
__ptext16                   text16       000F9A
__ptext17                   text17       0014E2
__ptext18                   text18       0013F8
__ptext19                   text19       0006C4
__ptext2                    text2        00119E
__ptext20                   text20       000946
__ptext21                   text21       001026
__ptext22                   text22       001436
__ptext23                   text23       000DA6
__ptext24                   text24       0016A6
__ptext25                   text25       000E50
__ptext26                   text26       001660
__ptext27                   text27       001132
__ptext28                   text28       001516
__ptext3                    text3        000EF6
__ptext30                   text30       0012C4
__ptext31                   text31       001362
__ptext32                   text32       001696
__ptext33                   text33       001208
__ptext34                   text34       0015D8
__ptext35                   text35       001686
__ptext4                    text4        001636
__ptext5                    text5        001548
__ptext6                    text6        001472
__ptext7                    text7        000A40
__ptext8                    text8        0013B0
__ptext9                    text9        001314
__ramtop                    ramtop       000600
__smallconst                smallconst   000600
_addone                     text11       001578
_bytes_popped               bssCOMRAM    000067
_bytes_pushed               bssCOMRAM    000069
_charToHexDigit             text12       0014AA
_cmd_active                 bssCOMRAM    00006E
_dbuf                       bssBANK0     0000BA
_do_blank                   text15       000B2A
_do_read                    text13       000C10
_do_write                   text7        000A40
_empty                      text10       001608
_first                      text35       001686
_flags                      bssCOMRAM    00006D
_fputc                      text23       000DA6
_fputs                      text22       001436
_head                       bssCOMRAM    00006B
_high_isr                   intcode      000008
_main                       text0        000CE8
_makenull                   text5        001548
_memset                     text6        001472
_pad                        text21       001026
_pop                        text9        001314
_ports_init                 text4        001636
_prec                       bssBANK0     0000B8
_push                       text33       001208
_push$2047                  cstackCOMRAM 000003
_putch                      text24       0016A6
_queue                      bssBIGRAM    0000DA
_read_port                  text28       001516
_read_prec_or_width         text25       000E50
_setCTS                     text32       001696
_setup_address              text27       001132
_size                       text31       001362
_sprintf                    text17       0014E2
_tail                       dataCOMRAM   00006F
_uart_getc                  text30       0012C4
_uart_init                  text1        000820
_uart_putc                  text14       0015A8
_uart_puts                  text16       000F9A
_vfpfcnvrt                  text19       0006C4
_vfprintf                   text18       0013F8
_width                      bssCOMRAM    000065
_write_port                 text8        0013B0
_xtoa                       text20       000946
addone@i                    cstackCOMRAM 00000D
btemp                       temp         000071
charToHexDigit@c            cstackCOMRAM 00000D
do_blank@addr               cstackBANK0  0000A3
do_blank@ads                cstackBANK0  000080
do_blank@data               cstackBANK0  0000A1
do_blank@ok                 cstackBANK0  0000A0
do_blank@s                  cstackBANK0  0000A2
do_read@addr                cstackCOMRAM 000060
do_read@ads                 cstackCOMRAM 00004D
do_read@col                 cstackCOMRAM 00005F
do_read@data                cstackCOMRAM 00005E
do_read@s                   cstackCOMRAM 00005D
do_write@addr               cstackBANK0  0000B6
do_write@ads                cstackBANK0  000080
do_write@c                  cstackBANK0  0000B4
do_write@data               cstackBANK0  0000B5
do_write@hi                 cstackBANK0  0000B2
do_write@lo                 cstackBANK0  0000B1
do_write@read               cstackBANK0  0000B3
do_write@s                  cstackBANK0  0000B0
end_of_initialization       cinit        0012B6
fputc@c                     cstackCOMRAM 00000D
fputc@fp                    cstackCOMRAM 00000F
fputs@c                     cstackCOMRAM 000017
fputs@fp                    cstackCOMRAM 000016
fputs@i                     cstackCOMRAM 000018
fputs@s                     cstackCOMRAM 000015
high_isr@c                  cstackCOMRAM 00000C
high_isr@n                  cstackCOMRAM 000009
high_isr@ok                 cstackCOMRAM 00000B
i2_addone                   text34       0015D8
i2addone@i                  cstackCOMRAM 000001
int$flags                   temp         000071
int_func                    intcode_body 0010B0
intlevel0                   text         000000
intlevel1                   text         000000
intlevel2                   text         000000
intlevel3                   text         000000
isa$std                     (abs)        000001
isa$xinst                   (abs)        000000
main@cmd                    cstackCOMRAM 000064
memset@c                    cstackCOMRAM 00000F
memset@dest                 cstackCOMRAM 00000D
memset@n                    cstackCOMRAM 000011
memset@p                    cstackCOMRAM 000013
pad@buf                     cstackCOMRAM 00001B
pad@fp                      cstackCOMRAM 00001A
pad@i                       cstackCOMRAM 00001F
pad@p                       cstackCOMRAM 00001C
pop@c                       cstackCOMRAM 00000F
push@c                      cstackCOMRAM 000005
read_port@data              cstackCOMRAM 00000D
read_prec_or_width@ap       cstackCOMRAM 000014
read_prec_or_width@c        cstackCOMRAM 000015
read_prec_or_width@fmt      cstackCOMRAM 000013
read_prec_or_width@n        cstackCOMRAM 000016
setCTS@b                    cstackCOMRAM 000001
setup_address@addr          cstackCOMRAM 00000D
setup_address@hi            cstackCOMRAM 000010
size@s                      cstackCOMRAM 000005
sprintf@ap                  cstackCOMRAM 000040
sprintf@f                   cstackCOMRAM 000041
sprintf@fmt                 cstackCOMRAM 00003B
sprintf@s                   cstackCOMRAM 00003A
stackhi                     (abs)        000000
stacklo                     (abs)        000000
start                       init         00000E
start_initialization        cinit        001272
ttemp5                      temp         000072
ttemp6                      temp         000075
ttemp7                      temp         000079
uart_getc@c                 cstackCOMRAM 000001
uart_getc@ok                cstackCOMRAM 000002
uart_init@baud_rate         cstackCOMRAM 000026
uart_init@factor            cstackCOMRAM 00002E
uart_init@n                 cstackCOMRAM 00002A
uart_putc@c                 cstackCOMRAM 00000D
uart_puts@p                 cstackCOMRAM 00000F
uart_puts@s                 cstackCOMRAM 00000D
vfpfcnvrt@ap                cstackCOMRAM 00002F
vfpfcnvrt@convarg           cstackCOMRAM 000030
vfpfcnvrt@cp                cstackCOMRAM 000035
vfpfcnvrt@done              cstackCOMRAM 000034
vfpfcnvrt@fmt               cstackCOMRAM 00002E
vfpfcnvrt@fp                cstackCOMRAM 00002D
vfprintf@ap                 cstackCOMRAM 000038
vfprintf@cfmt               cstackCOMRAM 000039
vfprintf@fmt                cstackCOMRAM 000037
vfprintf@fp                 cstackCOMRAM 000036
write_port@data             cstackCOMRAM 00000F
wtemp8                      temp         000072
xtoa@c                      cstackCOMRAM 00002A
xtoa@d                      cstackCOMRAM 000022
xtoa@fp                     cstackCOMRAM 000021
xtoa@i                      cstackCOMRAM 00002B
xtoa@p                      cstackCOMRAM 000027
xtoa@w                      cstackCOMRAM 000028


MODULE INFORMATION

Module		Function		Class		Link	Load	Size
/Applications/microchip/xc8/v2.46/pic/sources/c99/common/Umul32.c
		___lmul        		CODE           	119E	0000	106

/Applications/microchip/xc8/v2.46/pic/sources/c99/common/Umul32.c estimated size: 106

uart.c
		_uart_init     		CODE           	0820	0000	294
		_uart_getc     		CODE           	12C4	0000	80
		_uart_putc     		CODE           	15A8	0000	48
		_uart_puts     		CODE           	0F9A	0000	140

uart.c estimated size: 562

/Applications/microchip/xc8/v2.46/pic/sources/c99/common/nf_sprintf.c
		_sprintf       		CODE           	14E2	0000	52

/Applications/microchip/xc8/v2.46/pic/sources/c99/common/nf_sprintf.c estimated size: 52

/Applications/microchip/xc8/v2.46/pic/sources/c99/common/__lldiv.c
		___lldiv       		CODE           	0EF6	0000	164

/Applications/microchip/xc8/v2.46/pic/sources/c99/common/__lldiv.c estimated size: 164

/Applications/microchip/xc8/v2.46/pic/sources/c99/common/memset.c
		_memset        		CODE           	1472	0000	56

/Applications/microchip/xc8/v2.46/pic/sources/c99/common/memset.c estimated size: 56

/Applications/microchip/xc8/v2.46/pic/sources/c99/common/nf_fputc.c
		_fputc         		CODE           	0DA6	0000	170

/Applications/microchip/xc8/v2.46/pic/sources/c99/common/nf_fputc.c estimated size: 170

/Applications/microchip/xc8/v2.46/pic/sources/c99/common/doprnt.c
		_read_prec_or_width		CODE           	0E50	0000	166
		_vfpfcnvrt     		CODE           	06C4	0000	348
		_pad           		CODE           	1026	0000	138
		_vfprintf      		CODE           	13F8	0000	62
		_xtoa          		CODE           	0946	0000	250

/Applications/microchip/xc8/v2.46/pic/sources/c99/common/doprnt.c estimated size: 964

/Applications/microchip/xc8/v2.46/pic/sources/c99/common/putch.c
		_putch         		CODE           	16A6	0000	2

/Applications/microchip/xc8/v2.46/pic/sources/c99/common/putch.c estimated size: 2

shared
		__initialization		CODE           	1272	0000	68
		i2_addone      		CODE           	15D8	0000	48

shared estimated size: 116

/Applications/microchip/xc8/v2.46/pic/sources/c99/common/Umul16.c
		___wmul        		CODE           	1660	0000	38

/Applications/microchip/xc8/v2.46/pic/sources/c99/common/Umul16.c estimated size: 38

main.c
		_makenull      		CODE           	1548	0000	48
		_empty         		CODE           	1608	0000	46
		_first         		CODE           	1686	0000	16
		_setCTS        		CODE           	1696	0000	14
		_ports_init    		CODE           	1636	0000	42
		_main          		CODE           	0CE8	0000	190
		_setup_address 		CODE           	1132	0000	108
		_do_write      		CODE           	0A40	0000	234
		_high_isr      		CODE           	0008	0000	136
		_write_port    		CODE           	13B0	0000	72
		_pop           		CODE           	1314	0000	78
		_read_port     		CODE           	1516	0000	50
		_size          		CODE           	1362	0000	78
		_do_blank      		CODE           	0B2A	0000	230
		_push          		CODE           	1208	0000	106
		_addone        		CODE           	1578	0000	48
		_charToHexDigit		CODE           	14AA	0000	56
		_do_read       		CODE           	0C10	0000	216

main.c estimated size: 1768

/Applications/microchip/xc8/v2.46/pic/sources/c99/common/nf_fputs.c
		_fputs         		CODE           	1436	0000	60

/Applications/microchip/xc8/v2.46/pic/sources/c99/common/nf_fputs.c estimated size: 60

